╭───────────────────────────────/Users/dnl/repos/dnlopes... | stubbed | — | idle
─────╮                                                                          
│No sessions yet.                Stub mode: preview not available.              
│                                                                               
│Press n to create your first    This pane will stream the selected session's   
session│                        tmu                                             
╰───────────────────────────────                                                
─────╯                                                                          
                                                                                
                                                                                
                                                                                
                                                                                
                                                                                
                                                                                
                                                                                
                                                                                
                                                                                
                                                                                
                                                                                
                                                                                
                                                                                
                                                                                
                                                                                
                                                                                
                                                                                
                                                                                
j move down • k move up • J reorder down • K reorder up • n new session …       