╭──────────────────────────────╮/Users/dnl/repos/dnlopes/cenas/in...stubbed—idle
│No sessions yet.              │╭──────────────────────────────────────────────╮
│Press n to create your first  ││Stub mode: preview not available.             │
│session                       ││                                              │
│                              ││This pane will stream the selected session's t│
│                              ││                                              │
│                              ││                                              │
│                              ││                                              │
│                              ││                                              │
│                              ││                                              │
│                              ││                                              │
│                              ││                                              │
│                              ││                                              │
│                              ││                                              │
│                              ││                                              │
│                              ││                                              │
│                              ││                                              │
│                              ││                                              │
│                              ││                                              │
│                              ││                                              │
│                              ││                                              │
│                              ││                                              │
╰──────────────────────────────╯╰──────────────────────────────────────────────╯
pgup scroll up • pgdn scroll down • q quit • tab next pane • ? toggle help …    