                                        
                                        
                                        
                                        
Terminal too small. Minimum size: 60x15.
                                        
                                        
                                        
                                        
                                        