                                /Users/dnl/repos/dnlopes... | stubbed | — | idle
 No sessions yet.               ╭───────────────────────────────────────────────
 Press n to create your first   ─╮                                              
session                         │Stub mode: preview not available.              
                                │                                               
                                │                                               
                                │                                               
                                │This pane will stream the selected session's   
                                tmu│                                            
                                │                                               
                                │                                               
                                │                                               
                                │                                               
                                │                                               
                                │                                               
                                │                                               
                                │                                               
                                │                                               
                                │                                               
                                │                                               
                                │                                               
                                │                                               
                                │                                               
                                │                                               
                                │                                               
                                │                                               
                                │                                               
                                │                                               
                                │                                               
                                │                                               
                                │                                               
                                │                                               
                                │                                               
                                │                                               
                                │                                               
                                │                                               
                                │                                               
                                │                                               
                                │                                               
                                │                                               
                                │                                               
                                │                                               
                                │                                               
                                │                                               
                                │                                               
                                │                                               
                                │                                               
                                ╰───────────────────────────────────────────────
                                ─╯                                              
pgup scroll up • pgdn scroll down • q quit • tab next pane • ? toggle help …    