╭──────────────────────────────╮/Users/dnl/repos/dnlopes... | stubbed | — | idle
│No sessions yet.              │                                                
│Press n to create your first  │ Stub mode: preview not available.              
│session                       │                                                
│                              │ This pane will stream the selected session's t 
│                              │                                                
│                              │                                                
│                              │                                                
│                              │                                                
│                              │                                                
│                              │                                                
│                              │                                                
│                              │                                                
│                              │                                                
│                              │                                                
│                              │                                                
│                              │                                                
│                              │                                                
│                              │                                                
│                              │                                                
│                              │                                                
│                              │                                                
╰──────────────────────────────╯                                                
j move down • k move up • J reorder down • K reorder up • n new session …       