 overseer                                                               Preview 
╭──────────────────────────────╮ /Users/dnl/repos/dnlopes/...  stubbed  —  idle 
│                              │╭──────────────────────────────────────────────╮
│                              ││ Stub mode: preview not available.            │
│                              ││                                              │
│                              ││ This pane will stream the selected session's │
│                              ││                                              │
│                              ││                                              │
│                              ││                                              │
│                              ││                                              │
│                              ││                                              │
│       No sessions yet        ││                                              │
│       n  create session      ││                                              │
│                              ││                                              │
│                              ││                                              │
│                              ││                                              │
│                              ││                                              │
│                              ││                                              │
│                              ││                                              │
│                              ││                                              │
│                              ││                                              │
│                              ││                                              │
╰──────────────────────────────╯╰──────────────────────────────────────────────╯
pgup scroll up • pgdn scroll down • q quit • tab next pane • ? toggle help …    