╭──────────────────────────────────────────────────────────────────────────────╮
│ Stub mode: preview not available.                                            │
│                                                                              │
│ This pane will stream the selected session's tmux output when integration la │
│                                                                              │
│                                                                              │
│                                                                              │
│                                                                              │
│                                                                              │
│                                                                              │
│                                                                              │
│                                                                              │
│                                                                              │
│                                                                              │
│                                                                              │
│                                                                              │
│                                                                              │
│                                                                              │
│                                                                              │
╰──────────────────────────────────────────────────────────────────────────────╯